../Src/main.c:18:5:main	8	static
../Src/main.c:33:6:Button_Init	4	static
../Src/main.c:57:6:UserLed_Init	4	static
../Src/main.c:69:6:UART3_Init	8	static
../Src/main.c:111:13:Uart3_Set_Baudrate	16	static
../Src/main.c:117:17:Caculate_Uart_Baudrate	16	static
../Src/main.c:123:6:UART3_Transmit_Data	56	static
../Src/main.c:139:6:DMA1_Init	16	static
../Src/main.c:170:6:Enable_DMA1_Stream3	4	static
../Src/main.c:178:6:DMA1_IT_Configure	4	static
../Src/main.c:196:6:DMA_HT_Complete_Callback	4	static
../Src/main.c:201:6:DMA_FT_Complete_Callback	16	static
../Src/main.c:211:6:DMA_TE_Error_Callback	4	static
../Src/main.c:216:6:DMA_FE_Error_Callback	4	static
../Src/main.c:221:6:DMA_DME_Error_Callback	4	static
