22:51:50 **** Build of configuration Debug for project Bare_metal_UART_DMA_M2P ****
make -j8 all 
arm-none-eabi-gcc -mcpu=cortex-m4 -g3 -DDEBUG -c -x assembler-with-cpp -MMD -MP -MF"Startup/startup_stm32f429zitx.d" -MT"Startup/startup_stm32f429zitx.o" --specs=nano.specs -mfpu=fpv4-sp-d16 -mfloat-abi=hard -mthumb -o "Startup/startup_stm32f429zitx.o" "../Startup/startup_stm32f429zitx.s"
arm-none-eabi-gcc "../Src/it.c" -mcpu=cortex-m4 -std=gnu11 -g3 -DDEBUG -DSTM32F429I_DISC1 -DSTM32 -DSTM32F429ZITx -DSTM32F4 -c -I../Inc -I"D:/Embedded_C/My_workspace/DMA_Workspaces/Bare_metal_UART_DMA_M2P/Inc/CMSIS" -O0 -ffunction-sections -fdata-sections -Wall -fstack-usage -MMD -MP -MF"Src/it.d" -MT"Src/it.o" --specs=nano.specs -mfpu=fpv4-sp-d16 -mfloat-abi=hard -mthumb -o "Src/it.o"
arm-none-eabi-gcc "../Src/main.c" -mcpu=cortex-m4 -std=gnu11 -g3 -DDEBUG -DSTM32F429I_DISC1 -DSTM32 -DSTM32F429ZITx -DSTM32F4 -c -I../Inc -I"D:/Embedded_C/My_workspace/DMA_Workspaces/Bare_metal_UART_DMA_M2P/Inc/CMSIS" -O0 -ffunction-sections -fdata-sections -Wall -fstack-usage -MMD -MP -MF"Src/main.d" -MT"Src/main.o" --specs=nano.specs -mfpu=fpv4-sp-d16 -mfloat-abi=hard -mthumb -o "Src/main.o"
arm-none-eabi-gcc "../Src/syscalls.c" -mcpu=cortex-m4 -std=gnu11 -g3 -DDEBUG -DSTM32F429I_DISC1 -DSTM32 -DSTM32F429ZITx -DSTM32F4 -c -I../Inc -I"D:/Embedded_C/My_workspace/DMA_Workspaces/Bare_metal_UART_DMA_M2P/Inc/CMSIS" -O0 -ffunction-sections -fdata-sections -Wall -fstack-usage -MMD -MP -MF"Src/syscalls.d" -MT"Src/syscalls.o" --specs=nano.specs -mfpu=fpv4-sp-d16 -mfloat-abi=hard -mthumb -o "Src/syscalls.o"
arm-none-eabi-gcc "../Src/sysmem.c" -mcpu=cortex-m4 -std=gnu11 -g3 -DDEBUG -DSTM32F429I_DISC1 -DSTM32 -DSTM32F429ZITx -DSTM32F4 -c -I../Inc -I"D:/Embedded_C/My_workspace/DMA_Workspaces/Bare_metal_UART_DMA_M2P/Inc/CMSIS" -O0 -ffunction-sections -fdata-sections -Wall -fstack-usage -MMD -MP -MF"Src/sysmem.d" -MT"Src/sysmem.o" --specs=nano.specs -mfpu=fpv4-sp-d16 -mfloat-abi=hard -mthumb -o "Src/sysmem.o"
arm-none-eabi-gcc -o "Bare_metal_UART_DMA_M2P.elf" @"objects.list"   -mcpu=cortex-m4 -T"D:\Embedded_C\My_workspace\DMA_Workspaces\Bare_metal_UART_DMA_M2P\STM32F429ZITX_FLASH.ld" --specs=nosys.specs -Wl,-Map="Bare_metal_UART_DMA_M2P.map" -Wl,--gc-sections -static --specs=nano.specs -mfpu=fpv4-sp-d16 -mfloat-abi=hard -mthumb -Wl,--start-group -lc -lm -Wl,--end-group
Finished building target: Bare_metal_UART_DMA_M2P.elf
 
arm-none-eabi-size   Bare_metal_UART_DMA_M2P.elf 
arm-none-eabi-objdump -h -S  Bare_metal_UART_DMA_M2P.elf  > "Bare_metal_UART_DMA_M2P.list"
   text	   data	    bss	    dec	    hex	filename
   1596	     28	   1564	   3188	    c74	Bare_metal_UART_DMA_M2P.elf
Finished building: default.size.stdout
 
Finished building: Bare_metal_UART_DMA_M2P.list
 

22:51:51 Build Finished. 0 errors, 0 warnings. (took 820ms)

